2026-08-12 01:41:43.133: [INFO] CurrentProfilePath: C:\fullstack\src\spring\.metadata\.plugins\org.eclipse.swt\EBWebView\Default
2026-08-12 01:41:43.133: [INFO] Profiles total count: 1
2026-08-12 01:41:43.133: [INFO] Profile: name=프로필 1 path=C:\fullstack\src\spring\.metadata\.plugins\org.eclipse.swt\EBWebView\Default lastActive=null
2026-08-12 01:41:43.133: [INFO] LastUsedProfileDir: C:\fullstack\src\spring\.metadata\.plugins\org.eclipse.swt\EBWebView\Default
2026-08-12 01:41:43.133: [INFO] OnDoneLoading sync enabled: 0
2026-08-12 01:41:43.133: [INFO] BookmarkModelLoaded, ids_reassigned: 0
2026-08-12 01:41:43.133: [INFO] BookmarksLoadDropped droppedNodes=0
2026-08-12 01:41:43.133: [INFO] BookmarksSnapshot Startup total=0 bar=0 other=0 mobile=0 showBar=0 showBarNTP=1
2026-08-12 04:55:08.436: [INFO] BookmarksSnapshot Shutdown total=0 bar=0 other=0 mobile=0 showBar=0 showBarNTP=1
2026-08-12 05:36:11.837: [INFO] CurrentProfilePath: C:\fullstack\src\spring\.metadata\.plugins\org.eclipse.swt\EBWebView\Default
2026-08-12 05:36:11.837: [INFO] Profiles total count: 1
2026-08-12 05:36:11.837: [INFO] Profile: name=프로필 1 path=C:\fullstack\src\spring\.metadata\.plugins\org.eclipse.swt\EBWebView\Default lastActive=null
2026-08-12 05:36:11.837: [INFO] LastUsedProfileDir: C:\fullstack\src\spring\.metadata\.plugins\org.eclipse.swt\EBWebView\Default
2026-08-12 05:36:11.837: [INFO] OnDoneLoading sync enabled: 0
2026-08-12 05:36:11.837: [INFO] BookmarkModelLoaded, ids_reassigned: 0
2026-08-12 05:36:11.837: [INFO] BookmarksLoadDropped droppedNodes=0
2026-08-12 05:36:11.838: [INFO] BookmarksSnapshot Startup total=0 bar=0 other=0 mobile=0 showBar=0 showBarNTP=1
2026-08-12 06:13:56.591: [INFO] BookmarksSnapshot Shutdown total=0 bar=0 other=0 mobile=0 showBar=0 showBarNTP=1
2026-08-12 06:31:31.274: [INFO] CurrentProfilePath: C:\fullstack\src\spring\.metadata\.plugins\org.eclipse.swt\EBWebView\Default
2026-08-12 06:31:31.274: [INFO] Profiles total count: 1
2026-08-12 06:31:31.274: [INFO] Profile: name=프로필 1 path=C:\fullstack\src\spring\.metadata\.plugins\org.eclipse.swt\EBWebView\Default lastActive=null
2026-08-12 06:31:31.274: [INFO] LastUsedProfileDir: C:\fullstack\src\spring\.metadata\.plugins\org.eclipse.swt\EBWebView\Default
2026-08-12 06:31:31.274: [INFO] OnDoneLoading sync enabled: 0
2026-08-12 06:31:31.274: [INFO] BookmarkModelLoaded, ids_reassigned: 0
2026-08-12 06:31:31.274: [INFO] BookmarksLoadDropped droppedNodes=0
2026-08-12 06:31:31.274: [INFO] BookmarksSnapshot Startup total=0 bar=0 other=0 mobile=0 showBar=0 showBarNTP=1
2026-08-12 06:31:31.468: [INFO] BookmarksSnapshot Shutdown total=0 bar=0 other=0 mobile=0 showBar=0 showBarNTP=1
2026-08-12 07:00:33.710: [INFO] CurrentProfilePath: C:\fullstack\src\spring\.metadata\.plugins\org.eclipse.swt\EBWebView\Default
2026-08-12 07:00:33.710: [INFO] Profiles total count: 1
2026-08-12 07:00:33.710: [INFO] Profile: name=프로필 1 path=C:\fullstack\src\spring\.metadata\.plugins\org.eclipse.swt\EBWebView\Default lastActive=null
2026-08-12 07:00:33.710: [INFO] LastUsedProfileDir: C:\fullstack\src\spring\.metadata\.plugins\org.eclipse.swt\EBWebView\Default
2026-08-12 07:00:33.710: [INFO] OnDoneLoading sync enabled: 0
2026-08-12 07:00:33.710: [INFO] BookmarkModelLoaded, ids_reassigned: 0
2026-08-12 07:00:33.710: [INFO] BookmarksLoadDropped droppedNodes=0
2026-08-12 07:00:33.710: [INFO] BookmarksSnapshot Startup total=0 bar=0 other=0 mobile=0 showBar=0 showBarNTP=1
2026-08-12 07:08:06.063: [INFO] BookmarksSnapshot Shutdown total=0 bar=0 other=0 mobile=0 showBar=0 showBarNTP=1
2026-08-12 07:08:33.654: [INFO] CurrentProfilePath: C:\fullstack\src\spring\.metadata\.plugins\org.eclipse.swt\EBWebView\Default
2026-08-12 07:08:33.654: [INFO] Profiles total count: 1
2026-08-12 07:08:33.655: [INFO] Profile: name=프로필 1 path=C:\fullstack\src\spring\.metadata\.plugins\org.eclipse.swt\EBWebView\Default lastActive=2026-08-12T07:06:29.866Z
2026-08-12 07:08:33.655: [INFO] LastUsedProfileDir: C:\fullstack\src\spring\.metadata\.plugins\org.eclipse.swt\EBWebView\Default
2026-08-12 07:08:33.655: [INFO] MostRecentlyActiveProfile: name=프로필 1 path=C:\fullstack\src\spring\.metadata\.plugins\org.eclipse.swt\EBWebView\Default lastActive=2026-08-12T07:06:29.866Z
2026-08-12 07:08:33.655: [INFO] OnDoneLoading sync enabled: 0
2026-08-12 07:08:33.655: [INFO] BookmarkModelLoaded, ids_reassigned: 0
2026-08-12 07:08:33.655: [INFO] BookmarksLoadDropped droppedNodes=0
2026-08-12 07:08:33.655: [INFO] BookmarksSnapshot Startup total=0 bar=0 other=0 mobile=0 showBar=0 showBarNTP=1
2026-08-12 07:13:06.334: [INFO] BookmarksSnapshot Shutdown total=0 bar=0 other=0 mobile=0 showBar=0 showBarNTP=1
2026-08-12 07:13:19.426: [INFO] CurrentProfilePath: C:\fullstack\src\spring\.metadata\.plugins\org.eclipse.swt\EBWebView\Default
2026-08-12 07:13:19.426: [INFO] Profiles total count: 1
2026-08-12 07:13:19.427: [INFO] Profile: name=프로필 1 path=C:\fullstack\src\spring\.metadata\.plugins\org.eclipse.swt\EBWebView\Default lastActive=2026-08-12T07:06:29.866Z
2026-08-12 07:13:19.427: [INFO] LastUsedProfileDir: C:\fullstack\src\spring\.metadata\.plugins\org.eclipse.swt\EBWebView\Default
2026-08-12 07:13:19.427: [INFO] MostRecentlyActiveProfile: name=프로필 1 path=C:\fullstack\src\spring\.metadata\.plugins\org.eclipse.swt\EBWebView\Default lastActive=2026-08-12T07:06:29.866Z
2026-08-12 07:13:19.427: [INFO] OnDoneLoading sync enabled: 0
2026-08-12 07:13:19.427: [INFO] BookmarkModelLoaded, ids_reassigned: 0
2026-08-12 07:13:19.427: [INFO] BookmarksLoadDropped droppedNodes=0
2026-08-12 07:13:19.427: [INFO] BookmarksSnapshot Startup total=0 bar=0 other=0 mobile=0 showBar=0 showBarNTP=1
2026-08-12 07:13:20.627: [INFO] BookmarksSnapshot Shutdown total=0 bar=0 other=0 mobile=0 showBar=0 showBarNTP=1
2026-08-12 07:25:20.387: [INFO] CurrentProfilePath: C:\fullstack\src\spring\.metadata\.plugins\org.eclipse.swt\EBWebView\Default
2026-08-12 07:25:20.387: [INFO] Profiles total count: 1
2026-08-12 07:25:20.387: [INFO] Profile: name=프로필 1 path=C:\fullstack\src\spring\.metadata\.plugins\org.eclipse.swt\EBWebView\Default lastActive=2026-08-12T07:06:29.866Z
2026-08-12 07:25:20.387: [INFO] LastUsedProfileDir: C:\fullstack\src\spring\.metadata\.plugins\org.eclipse.swt\EBWebView\Default
2026-08-12 07:25:20.387: [INFO] MostRecentlyActiveProfile: name=프로필 1 path=C:\fullstack\src\spring\.metadata\.plugins\org.eclipse.swt\EBWebView\Default lastActive=2026-08-12T07:06:29.866Z
2026-08-12 07:25:20.387: [INFO] OnDoneLoading sync enabled: 0
2026-08-12 07:25:20.387: [INFO] BookmarkModelLoaded, ids_reassigned: 0
2026-08-12 07:25:20.387: [INFO] BookmarksLoadDropped droppedNodes=0
2026-08-12 07:25:20.387: [INFO] BookmarksSnapshot Startup total=0 bar=0 other=0 mobile=0 showBar=0 showBarNTP=1
2026-08-12 07:25:20.553: [INFO] BookmarksSnapshot Shutdown total=0 bar=0 other=0 mobile=0 showBar=0 showBarNTP=1
2026-08-13 00:27:29.255: [INFO] CurrentProfilePath: C:\fullstack\src\spring\.metadata\.plugins\org.eclipse.swt\EBWebView\Default
2026-08-13 00:27:29.255: [INFO] Profiles total count: 1
2026-08-13 00:27:29.255: [INFO] Profile: name=프로필 1 path=C:\fullstack\src\spring\.metadata\.plugins\org.eclipse.swt\EBWebView\Default lastActive=2026-08-12T07:06:29.866Z
2026-08-13 00:27:29.255: [INFO] LastUsedProfileDir: C:\fullstack\src\spring\.metadata\.plugins\org.eclipse.swt\EBWebView\Default
2026-08-13 00:27:29.255: [INFO] MostRecentlyActiveProfile: name=프로필 1 path=C:\fullstack\src\spring\.metadata\.plugins\org.eclipse.swt\EBWebView\Default lastActive=2026-08-12T07:06:29.866Z
2026-08-13 00:27:29.255: [INFO] OnDoneLoading sync enabled: 0
2026-08-13 00:27:29.255: [INFO] BookmarkModelLoaded, ids_reassigned: 0
2026-08-13 00:27:29.255: [INFO] BookmarksLoadDropped droppedNodes=0
2026-08-13 00:27:29.255: [INFO] BookmarksSnapshot Startup total=0 bar=0 other=0 mobile=0 showBar=0 showBarNTP=1
2026-08-13 00:27:30.741: [INFO] BookmarksSnapshot Shutdown total=0 bar=0 other=0 mobile=0 showBar=0 showBarNTP=1
